nan	cid10P0	nan	nan	A	C
nan	cid11P0	nan	nan	A	C
nan	cid12P0	nan	nan	A	C
nan	cid13P0	nan	nan	A	C
nan	cid14P0	nan	nan	A	C
nan	cid15P0	nan	nan	A	C
nan	cid16P0	nan	nan	A	C
nan	cid17P0	nan	nan	A	C
nan	cid18P0	nan	nan	A	C
nan	cid19P0	nan	nan	A	C
nan	cid20P0	nan	nan	A	C
nan	cid21P0	nan	nan	A	C
nan	cid22P0	nan	nan	A	C
nan	cid23P0	nan	nan	A	C
nan	cid24P0	nan	nan	A	C
nan	cid25P0	nan	nan	A	C
nan	cid26P0	nan	nan	A	C
nan	cid27P0	nan	nan	A	C
nan	cid28P0	nan	nan	A	C
nan	cid29P0	nan	nan	A	C
nan	cid30P0	nan	nan	A	C
nan	cid31P0	nan	nan	A	C
nan	cid32P0	nan	nan	A	C
nan	cid33P0	nan	nan	A	C
nan	cid34P0	nan	nan	A	C
nan	cid35P0	nan	nan	A	C
nan	cid36P0	nan	nan	A	C
nan	cid37P0	nan	nan	A	C
nan	cid38P0	nan	nan	A	C
nan	cid39P0	nan	nan	A	C
nan	cid40P0	nan	nan	A	C
nan	cid41P0	nan	nan	A	C
nan	cid42P0	nan	nan	A	C
nan	cid43P0	nan	nan	A	C
nan	cid44P0	nan	nan	A	C
nan	cid45P0	nan	nan	A	C
nan	cid46P0	nan	nan	A	C
nan	cid47P0	nan	nan	A	C
nan	cid48P0	nan	nan	A	C
nan	cid49P0	nan	nan	A	C
nan	cid50P0	nan	nan	A	C
nan	cid51P0	nan	nan	A	C
nan	cid52P0	nan	nan	A	C
nan	cid53P0	nan	nan	A	C
nan	cid54P0	nan	nan	A	C
nan	cid55P0	nan	nan	A	C
nan	cid56P0	nan	nan	A	C
nan	cid57P0	nan	nan	A	C
nan	cid58P0	nan	nan	A	C
nan	cid59P0	nan	nan	A	C
nan	cid60P0	nan	nan	A	C
nan	cid61P0	nan	nan	A	C
nan	cid62P0	nan	nan	A	C
nan	cid63P0	nan	nan	A	C
nan	cid64P0	nan	nan	A	C
nan	cid65P0	nan	nan	A	C
nan	cid66P0	nan	nan	A	C
nan	cid67P0	nan	nan	A	C
nan	cid68P0	nan	nan	A	C
nan	cid69P0	nan	nan	A	C
nan	cid70P0	nan	nan	A	C
nan	cid71P0	nan	nan	A	C
nan	cid72P0	nan	nan	A	C
nan	cid73P0	nan	nan	A	C
nan	cid74P0	nan	nan	A	C
nan	cid75P0	nan	nan	A	C
nan	cid76P0	nan	nan	A	C
nan	cid77P0	nan	nan	A	C
nan	cid78P0	nan	nan	A	C
nan	cid79P0	nan	nan	A	C
nan	cid80P0	nan	nan	A	C
nan	cid81P0	nan	nan	A	C
nan	cid82P0	nan	nan	A	C
nan	cid83P0	nan	nan	A	C
nan	cid84P0	nan	nan	A	C
nan	cid85P0	nan	nan	A	C
nan	cid86P0	nan	nan	A	C
nan	cid87P0	nan	nan	A	C
nan	cid88P0	nan	nan	A	C
nan	cid89P0	nan	nan	A	C
nan	cid90P0	nan	nan	A	C
nan	cid91P0	nan	nan	A	C
nan	cid92P0	nan	nan	A	C
nan	cid93P0	nan	nan	A	C
nan	cid94P0	nan	nan	A	C
nan	cid95P0	nan	nan	A	C
nan	cid96P0	nan	nan	A	C
nan	cid97P0	nan	nan	A	C
nan	cid98P0	nan	nan	A	C
nan	cid99P0	nan	nan	A	C
nan	cid100P0	nan	nan	A	C
nan	cid101P0	nan	nan	A	C
nan	cid102P0	nan	nan	A	C
nan	cid103P0	nan	nan	A	C
nan	cid104P0	nan	nan	A	C
nan	cid105P0	nan	nan	A	C
nan	cid106P0	nan	nan	A	C
nan	cid107P0	nan	nan	A	C
nan	cid108P0	nan	nan	A	C
nan	cid109P0	nan	nan	A	C
nan	cid110P0	nan	nan	A	C
nan	cid111P0	nan	nan	A	C
nan	cid112P0	nan	nan	A	C
nan	cid113P0	nan	nan	A	C
nan	cid114P0	nan	nan	A	C
nan	cid115P0	nan	nan	A	C
nan	cid116P0	nan	nan	A	C
nan	cid117P0	nan	nan	A	C
nan	cid118P0	nan	nan	A	C
nan	cid119P0	nan	nan	A	C
nan	cid120P0	nan	nan	A	C
nan	cid121P0	nan	nan	A	C
nan	cid122P0	nan	nan	A	C
nan	cid123P0	nan	nan	A	C
nan	cid124P0	nan	nan	A	C
nan	cid125P0	nan	nan	A	C
nan	cid126P0	nan	nan	A	C
nan	cid127P0	nan	nan	A	C
nan	cid128P0	nan	nan	A	C
nan	cid129P0	nan	nan	A	C
nan	cid130P0	nan	nan	A	C
nan	cid131P0	nan	nan	A	C
nan	cid132P0	nan	nan	A	C
nan	cid133P0	nan	nan	A	C
nan	cid134P0	nan	nan	A	C
nan	cid135P0	nan	nan	A	C
nan	cid136P0	nan	nan	A	C
nan	cid137P0	nan	nan	A	C
nan	cid138P0	nan	nan	A	C
nan	cid139P0	nan	nan	A	C
nan	cid140P0	nan	nan	A	C
nan	cid141P0	nan	nan	A	C
nan	cid142P0	nan	nan	A	C
nan	cid143P0	nan	nan	A	C
nan	cid144P0	nan	nan	A	C
nan	cid145P0	nan	nan	A	C
nan	cid146P0	nan	nan	A	C
nan	cid147P0	nan	nan	A	C
nan	cid148P0	nan	nan	A	C
nan	cid149P0	nan	nan	A	C
nan	cid150P0	nan	nan	A	C
nan	cid151P0	nan	nan	A	C
nan	cid152P0	nan	nan	A	C
nan	cid153P0	nan	nan	A	C
nan	cid154P0	nan	nan	A	C
nan	cid155P0	nan	nan	A	C
nan	cid156P0	nan	nan	A	C
nan	cid157P0	nan	nan	A	C
nan	cid158P0	nan	nan	A	C
nan	cid159P0	nan	nan	A	C
nan	cid160P0	nan	nan	A	C
nan	cid161P0	nan	nan	A	C
nan	cid162P0	nan	nan	A	C
nan	cid163P0	nan	nan	A	C
nan	cid164P0	nan	nan	A	C
nan	cid165P0	nan	nan	A	C
nan	cid166P0	nan	nan	A	C
nan	cid167P0	nan	nan	A	C
nan	cid168P0	nan	nan	A	C
nan	cid169P0	nan	nan	A	C
nan	cid170P0	nan	nan	A	C
nan	cid171P0	nan	nan	A	C
nan	cid172P0	nan	nan	A	C
nan	cid173P0	nan	nan	A	C
nan	cid174P0	nan	nan	A	C
nan	cid175P0	nan	nan	A	C
nan	cid176P0	nan	nan	A	C
nan	cid177P0	nan	nan	A	C
nan	cid178P0	nan	nan	A	C
nan	cid179P0	nan	nan	A	C
nan	cid180P0	nan	nan	A	C
nan	cid181P0	nan	nan	A	C
nan	cid182P0	nan	nan	A	C
nan	cid183P0	nan	nan	A	C
nan	cid184P0	nan	nan	A	C
nan	cid185P0	nan	nan	A	C
nan	cid186P0	nan	nan	A	C
nan	cid187P0	nan	nan	A	C
nan	cid188P0	nan	nan	A	C
nan	cid189P0	nan	nan	A	C
nan	cid190P0	nan	nan	A	C
nan	cid191P0	nan	nan	A	C
nan	cid192P0	nan	nan	A	C
nan	cid193P0	nan	nan	A	C
nan	cid194P0	nan	nan	A	C
nan	cid195P0	nan	nan	A	C
nan	cid196P0	nan	nan	A	C
nan	cid197P0	nan	nan	A	C
nan	cid198P0	nan	nan	A	C
nan	cid199P0	nan	nan	A	C
nan	cid200P0	nan	nan	A	C
nan	cid201P0	nan	nan	A	C
nan	cid202P0	nan	nan	A	C
nan	cid203P0	nan	nan	A	C
nan	cid204P0	nan	nan	A	C
nan	cid205P0	nan	nan	A	C
nan	cid206P0	nan	nan	A	C
nan	cid207P0	nan	nan	A	C
nan	cid208P0	nan	nan	A	C
nan	cid209P0	nan	nan	A	C
nan	cid210P0	nan	nan	A	C
nan	cid211P0	nan	nan	A	C
nan	cid212P0	nan	nan	A	C
nan	cid213P0	nan	nan	A	C
nan	cid214P0	nan	nan	A	C
nan	cid215P0	nan	nan	A	C
nan	cid216P0	nan	nan	A	C
nan	cid217P0	nan	nan	A	C
nan	cid218P0	nan	nan	A	C
nan	cid219P0	nan	nan	A	C
nan	cid220P0	nan	nan	A	C
nan	cid221P0	nan	nan	A	C
nan	cid222P0	nan	nan	A	C
nan	cid223P0	nan	nan	A	C
nan	cid224P0	nan	nan	A	C
nan	cid225P0	nan	nan	A	C
nan	cid226P0	nan	nan	A	C
nan	cid227P0	nan	nan	A	C
nan	cid228P0	nan	nan	A	C
nan	cid229P0	nan	nan	A	C
nan	cid230P0	nan	nan	A	C
nan	cid231P0	nan	nan	A	C
nan	cid232P0	nan	nan	A	C
nan	cid233P0	nan	nan	A	C
nan	cid234P0	nan	nan	A	C
nan	cid235P0	nan	nan	A	C
nan	cid236P0	nan	nan	A	C
nan	cid237P0	nan	nan	A	C
nan	cid238P0	nan	nan	A	C
nan	cid239P0	nan	nan	A	C
nan	cid240P0	nan	nan	A	C
nan	cid241P0	nan	nan	A	C
nan	cid242P0	nan	nan	A	C
nan	cid243P0	nan	nan	A	C
nan	cid244P0	nan	nan	A	C
nan	cid245P0	nan	nan	A	C
nan	cid246P0	nan	nan	A	C
nan	cid247P0	nan	nan	A	C
nan	cid248P0	nan	nan	A	C
nan	cid249P0	nan	nan	A	C
nan	cid250P1	nan	nan	A	C
nan	cid251P1	nan	nan	A	C
nan	cid252P1	nan	nan	A	C
nan	cid253P1	nan	nan	A	C
nan	cid254P1	nan	nan	A	C
nan	cid255P1	nan	nan	A	C
nan	cid256P1	nan	nan	A	C
nan	cid257P1	nan	nan	A	C
nan	cid258P1	nan	nan	A	C
nan	cid259P1	nan	nan	A	C
nan	cid260P1	nan	nan	A	C
nan	cid261P1	nan	nan	A	C
nan	cid262P1	nan	nan	A	C
nan	cid263P1	nan	nan	A	C
nan	cid264P1	nan	nan	A	C
nan	cid265P1	nan	nan	A	C
nan	cid266P1	nan	nan	A	C
nan	cid267P1	nan	nan	A	C
nan	cid268P1	nan	nan	A	C
nan	cid269P1	nan	nan	A	C
nan	cid270P1	nan	nan	A	C
nan	cid271P1	nan	nan	A	C
nan	cid272P1	nan	nan	A	C
nan	cid273P1	nan	nan	A	C
nan	cid274P1	nan	nan	A	C
nan	cid275P1	nan	nan	A	C
nan	cid276P1	nan	nan	A	C
nan	cid277P1	nan	nan	A	C
nan	cid278P1	nan	nan	A	C
nan	cid279P1	nan	nan	A	C
nan	cid280P1	nan	nan	A	C
nan	cid281P1	nan	nan	A	C
nan	cid282P1	nan	nan	A	C
nan	cid283P1	nan	nan	A	C
nan	cid284P1	nan	nan	A	C
nan	cid285P1	nan	nan	A	C
nan	cid286P1	nan	nan	A	C
nan	cid287P1	nan	nan	A	C
nan	cid288P1	nan	nan	A	C
nan	cid289P1	nan	nan	A	C
nan	cid290P1	nan	nan	A	C
nan	cid291P1	nan	nan	A	C
nan	cid292P1	nan	nan	A	C
nan	cid293P1	nan	nan	A	C
nan	cid294P1	nan	nan	A	C
nan	cid295P1	nan	nan	A	C
nan	cid296P1	nan	nan	A	C
nan	cid297P1	nan	nan	A	C
nan	cid298P1	nan	nan	A	C
nan	cid299P1	nan	nan	A	C
nan	cid300P1	nan	nan	A	C
nan	cid301P1	nan	nan	A	C
nan	cid302P1	nan	nan	A	C
nan	cid303P1	nan	nan	A	C
nan	cid304P1	nan	nan	A	C
nan	cid305P1	nan	nan	A	C
nan	cid306P1	nan	nan	A	C
nan	cid307P1	nan	nan	A	C
nan	cid308P1	nan	nan	A	C
nan	cid309P1	nan	nan	A	C
nan	cid310P1	nan	nan	A	C
nan	cid311P1	nan	nan	A	C
nan	cid312P1	nan	nan	A	C
nan	cid313P1	nan	nan	A	C
nan	cid314P1	nan	nan	A	C
nan	cid315P1	nan	nan	A	C
nan	cid316P1	nan	nan	A	C
nan	cid317P1	nan	nan	A	C
nan	cid318P1	nan	nan	A	C
nan	cid319P1	nan	nan	A	C
nan	cid320P1	nan	nan	A	C
nan	cid321P1	nan	nan	A	C
nan	cid322P1	nan	nan	A	C
nan	cid323P1	nan	nan	A	C
nan	cid324P1	nan	nan	A	C
nan	cid325P1	nan	nan	A	C
nan	cid326P1	nan	nan	A	C
nan	cid327P1	nan	nan	A	C
nan	cid328P1	nan	nan	A	C
nan	cid329P1	nan	nan	A	C
nan	cid330P1	nan	nan	A	C
nan	cid331P1	nan	nan	A	C
nan	cid332P1	nan	nan	A	C
nan	cid333P1	nan	nan	A	C
nan	cid334P1	nan	nan	A	C
nan	cid335P1	nan	nan	A	C
nan	cid336P1	nan	nan	A	C
nan	cid337P1	nan	nan	A	C
nan	cid338P1	nan	nan	A	C
nan	cid339P1	nan	nan	A	C
nan	cid340P1	nan	nan	A	C
nan	cid341P1	nan	nan	A	C
nan	cid342P1	nan	nan	A	C
nan	cid343P1	nan	nan	A	C
nan	cid344P1	nan	nan	A	C
nan	cid345P1	nan	nan	A	C
nan	cid346P1	nan	nan	A	C
nan	cid347P1	nan	nan	A	C
nan	cid348P1	nan	nan	A	C
nan	cid349P1	nan	nan	A	C
nan	cid350P1	nan	nan	A	C
nan	cid351P1	nan	nan	A	C
nan	cid352P1	nan	nan	A	C
nan	cid353P1	nan	nan	A	C
nan	cid354P1	nan	nan	A	C
nan	cid355P1	nan	nan	A	C
nan	cid356P1	nan	nan	A	C
nan	cid357P1	nan	nan	A	C
nan	cid358P1	nan	nan	A	C
nan	cid359P1	nan	nan	A	C
nan	cid360P1	nan	nan	A	C
nan	cid361P1	nan	nan	A	C
nan	cid362P1	nan	nan	A	C
nan	cid363P1	nan	nan	A	C
nan	cid364P1	nan	nan	A	C
nan	cid365P1	nan	nan	A	C
nan	cid366P1	nan	nan	A	C
nan	cid367P1	nan	nan	A	C
nan	cid368P1	nan	nan	A	C
nan	cid369P1	nan	nan	A	C
nan	cid370P1	nan	nan	A	C
nan	cid371P1	nan	nan	A	C
nan	cid372P1	nan	nan	A	C
nan	cid373P1	nan	nan	A	C
nan	cid374P1	nan	nan	A	C
nan	cid375P1	nan	nan	A	C
nan	cid376P1	nan	nan	A	C
nan	cid377P1	nan	nan	A	C
nan	cid378P1	nan	nan	A	C
nan	cid379P1	nan	nan	A	C
nan	cid380P1	nan	nan	A	C
nan	cid381P1	nan	nan	A	C
nan	cid382P1	nan	nan	A	C
nan	cid383P1	nan	nan	A	C
nan	cid384P1	nan	nan	A	C
nan	cid385P1	nan	nan	A	C
nan	cid386P1	nan	nan	A	C
nan	cid387P1	nan	nan	A	C
nan	cid388P1	nan	nan	A	C
nan	cid389P1	nan	nan	A	C
nan	cid390P1	nan	nan	A	C
nan	cid391P1	nan	nan	A	C
nan	cid392P1	nan	nan	A	C
nan	cid393P1	nan	nan	A	C
nan	cid394P1	nan	nan	A	C
nan	cid395P1	nan	nan	A	C
nan	cid396P1	nan	nan	A	C
nan	cid397P1	nan	nan	A	C
nan	cid398P1	nan	nan	A	C
nan	cid399P1	nan	nan	A	C
nan	cid400P1	nan	nan	A	C
nan	cid401P1	nan	nan	A	C
nan	cid402P1	nan	nan	A	C
nan	cid403P1	nan	nan	A	C
nan	cid404P1	nan	nan	A	C
nan	cid405P1	nan	nan	A	C
nan	cid406P1	nan	nan	A	C
nan	cid407P1	nan	nan	A	C
nan	cid408P1	nan	nan	A	C
nan	cid409P1	nan	nan	A	C
nan	cid410P1	nan	nan	A	C
nan	cid411P1	nan	nan	A	C
nan	cid412P1	nan	nan	A	C
nan	cid413P1	nan	nan	A	C
nan	cid414P1	nan	nan	A	C
nan	cid415P1	nan	nan	A	C
nan	cid416P1	nan	nan	A	C
nan	cid417P1	nan	nan	A	C
nan	cid418P1	nan	nan	A	C
nan	cid419P1	nan	nan	A	C
nan	cid420P1	nan	nan	A	C
nan	cid421P1	nan	nan	A	C
nan	cid422P1	nan	nan	A	C
nan	cid423P1	nan	nan	A	C
nan	cid424P1	nan	nan	A	C
nan	cid425P1	nan	nan	A	C
nan	cid426P1	nan	nan	A	C
nan	cid427P1	nan	nan	A	C
nan	cid428P1	nan	nan	A	C
nan	cid429P1	nan	nan	A	C
nan	cid430P1	nan	nan	A	C
nan	cid431P1	nan	nan	A	C
nan	cid432P1	nan	nan	A	C
nan	cid433P1	nan	nan	A	C
nan	cid434P1	nan	nan	A	C
nan	cid435P1	nan	nan	A	C
nan	cid436P1	nan	nan	A	C
nan	cid437P1	nan	nan	A	C
nan	cid438P1	nan	nan	A	C
nan	cid439P1	nan	nan	A	C
nan	cid440P1	nan	nan	A	C
nan	cid441P1	nan	nan	A	C
nan	cid442P1	nan	nan	A	C
nan	cid443P1	nan	nan	A	C
nan	cid444P1	nan	nan	A	C
nan	cid445P1	nan	nan	A	C
nan	cid446P1	nan	nan	A	C
nan	cid447P1	nan	nan	A	C
nan	cid448P1	nan	nan	A	C
nan	cid449P1	nan	nan	A	C
nan	cid450P1	nan	nan	A	C
nan	cid451P1	nan	nan	A	C
nan	cid452P1	nan	nan	A	C
nan	cid453P1	nan	nan	A	C
nan	cid454P1	nan	nan	A	C
nan	cid455P1	nan	nan	A	C
nan	cid456P1	nan	nan	A	C
nan	cid457P1	nan	nan	A	C
nan	cid458P1	nan	nan	A	C
nan	cid459P1	nan	nan	A	C
nan	cid460P1	nan	nan	A	C
nan	cid461P1	nan	nan	A	C
nan	cid462P1	nan	nan	A	C
nan	cid463P1	nan	nan	A	C
nan	cid464P1	nan	nan	A	C
nan	cid465P1	nan	nan	A	C
nan	cid466P1	nan	nan	A	C
nan	cid467P1	nan	nan	A	C
nan	cid468P1	nan	nan	A	C
nan	cid469P1	nan	nan	A	C
nan	cid470P1	nan	nan	A	C
nan	cid471P1	nan	nan	A	C
nan	cid472P1	nan	nan	A	C
nan	cid473P1	nan	nan	A	C
nan	cid474P1	nan	nan	A	C
nan	cid475P1	nan	nan	A	C
nan	cid476P1	nan	nan	A	C
nan	cid477P1	nan	nan	A	C
nan	cid478P1	nan	nan	A	C
nan	cid479P1	nan	nan	A	C
nan	cid480P1	nan	nan	A	C
nan	cid481P1	nan	nan	A	C
nan	cid482P1	nan	nan	A	C
nan	cid483P1	nan	nan	A	C
nan	cid484P1	nan	nan	A	C
nan	cid485P1	nan	nan	A	C
nan	cid486P1	nan	nan	A	C
nan	cid487P1	nan	nan	A	C
nan	cid488P1	nan	nan	A	C
nan	cid489P1	nan	nan	A	C
nan	cid490P1	nan	nan	A	C
nan	cid491P1	nan	nan	A	C
nan	cid492P1	nan	nan	A	C
nan	cid493P1	nan	nan	A	C
nan	cid494P1	nan	nan	A	C
nan	cid495P1	nan	nan	A	C
nan	cid496P1	nan	nan	A	C
nan	cid497P1	nan	nan	A	C
nan	cid498P1	nan	nan	A	C
nan	cid499P1	nan	nan	A	C
